"blank"			"Movement"
"+forward"			"Move Forward"
"+back"				"Move Back"
"+moveleft"			"Strafe Left"
"+moveright"			"Strafe Right"
"+left"				"Turn left"
"+right"			"Turn right"
"+speed"            		"Walk"
"+jump"				"Jump"
"+duck"				"Duck"

"blank"			"Combat"
"+attack"			"Fire"
"+attack2"			"Weapon special function"
"+reload"			"Reload weapon"
"invprev"			"Previous weapon"
"invnext"			"Next weapon"
"lastinv"			"Last used weapon"
"nightvision"			"Turn nightvision on/off"
"drop"	 			"Drop Current Weapon"
"+use"				"Use item"

"blank"			"Menu"
"buy" 				"Menu"
"buyammo1"   			"Primary Ammo"
"buyammo2" 			"Secondary Ammo"
"primammo; secammo"		"Buy all Ammo"
"buyequip"			"Equipment Menu"
"chooseteam" 			"Select Team"
"slot10"			"Menu Item 0"
"slot1"				"Menu Item 1"
"slot2"				"Menu Item 2"
"slot3" 			"Menu Item 3"
"slot4"				"Menu Item 4"
"slot5"				"Menu Item 5"
"slot6"				"Menu Item 6"
"slot7"				"Menu Item 7"
"slot8"				"Menu Item 8"
"slot9"				"Menu Item 9"
"+showscores"			"Display Scores"

"blank"			"Miscellaneous"
"impulse 100"			"Flashlight"
"impulse 201"			"Spray logo"
"snapshot"			"Take screen shot"
"quit"				"Quit game"
"adjust_crosshair"		"Adjust Crosshair Color"
"demorecord"			"Demo recording"

"blank"			"Communication"
"+voicerecord"			"Use voice communication"
"radio1"			"Standard Radio Messages"
"radio2"			"Group Radio Messages"
"radio3"			"Report Radio Messages"
"+commandmenu"			"Activate in-game VGUI"
"messagemode"			"Chat message"
"messagemode2"			"Team Chat message"

"blank"			"Pistols"
"usp"				"H&K USP .45ACP Tactical"
"glock"				"Glock 18c Select Fire"
"deagle"			"Desert Eagle .50AE"
"p228"				"SIG P228"
"elites"			"Dual Beretta Elites"
"fn57"				"FN Five-seveN"

"blank"			"Shotguns"
"m3"				"Benelli M3 Super 90"
"xm1014"			"Benelli/H&K XM1014"

"blank"			"Sub-Machine Guns"
"mp5"				"H&K MP5-Navy"
"tmp"				"Steyr TMP"
"p90"				"FN P90"
"mac10"				"Mac-10"
"ump45"				"H&K UMP .45ACP"

"blank"			"Rifles"
"qb_famgal"			"FAMAS or Galil"
"qb_m4ak"			"Colt M4A1 or AK-47"
"qb_augsg"			"Steyr AUG or SG552 Commando"
"qb_sg550g3"			"SIG SG550 or H&K G3/SG1"
"scout"				"Steyr Scout"
"awp"				"Arctic Warfare Magnum/Police"

"blank"			"Machine Gun"
"m249"				"FN M249 PARA"

"blank"			"Equipment"
"vest"				"Kevlar Vest"
"misc_helm"			"Kevlar Vest and Helmet"
"flash"				"Flashbang Grenade"
"hegren"			"HE Grenade"
"sgren"				"Smoke Grenade"
"defuser"			"Defuse Kit"
"misc_nvgs"			"Night Vision Goggles"

"blank"			"Quick Binds"
"go_slot1"			"Primary Weapon"
"go_slot2"			"Secondary Weapon"
"weapon_knife"			"Knife"
"weapon_flashbang"		"Flashbang Grenade"
"weapon_smokegrenade"		"Smoke Grenade"
"weapon_hegrenade"		"HE Grenade"
"weapon_c4"			"Bomb/C4 Explosive"